// Jest Snapshot v1, https://goo.gl/fbAQLP

exports[`MyComponent should render correctly in "debug" mode 1`] = `
<button
  className=" cube-btn"
  onClick={[Function]}
  type="button"
/>
`;
